
Merging program properties

Removed property 0xc0000002 to merge /usr/lib64/gcc/x86_64-suse-linux/13/../../../../lib64/crt1.o (0x3) and main.o (not found)
Removed property 0xc0000002 to merge /usr/lib64/gcc/x86_64-suse-linux/13/../../../../lib64/crt1.o (not found) and /usr/lib64/gcc/x86_64-suse-linux/13/crtend.o (0x3)
Removed property 0xc0000002 to merge /usr/lib64/gcc/x86_64-suse-linux/13/../../../../lib64/crt1.o (not found) and /usr/lib64/gcc/x86_64-suse-linux/13/../../../../lib64/crtn.o (0x3)

Discarded input sections

 .note.GNU-stack
                0x0000000000000000        0x0 /usr/lib64/gcc/x86_64-suse-linux/13/../../../../lib64/crt1.o
 .note.gnu.property
                0x0000000000000000       0x50 /usr/lib64/gcc/x86_64-suse-linux/13/../../../../lib64/crti.o
 .note.GNU-stack
                0x0000000000000000        0x0 /usr/lib64/gcc/x86_64-suse-linux/13/../../../../lib64/crti.o
 .note.GNU-stack
                0x0000000000000000        0x0 /usr/lib64/gcc/x86_64-suse-linux/13/crtbegin.o
 .note.gnu.property
                0x0000000000000000       0x50 /usr/lib64/gcc/x86_64-suse-linux/13/crtbegin.o
 .group         0x0000000000000000        0xc main.o
 .group         0x0000000000000000        0xc main.o
 .group         0x0000000000000000        0xc main.o
 .group         0x0000000000000000        0x8 main.o
 .group         0x0000000000000000        0xc main.o
 .group         0x0000000000000000        0xc main.o
 .group         0x0000000000000000        0x8 main.o
 .group         0x0000000000000000        0xc main.o
 .group         0x0000000000000000        0x8 main.o
 .group         0x0000000000000000        0x8 main.o
 .group         0x0000000000000000        0x8 main.o
 .group         0x0000000000000000        0xc main.o
 .group         0x0000000000000000        0xc main.o
 .group         0x0000000000000000        0xc main.o
 .group         0x0000000000000000        0x8 main.o
 .group         0x0000000000000000        0xc main.o
 .group         0x0000000000000000        0xc main.o
 .group         0x0000000000000000        0x8 main.o
 .group         0x0000000000000000        0x8 main.o
 .group         0x0000000000000000        0xc main.o
 .group         0x0000000000000000        0xc main.o
 .group         0x0000000000000000        0x8 main.o
 .group         0x0000000000000000        0xc main.o
 .group         0x0000000000000000        0xc main.o
 .group         0x0000000000000000        0xc main.o
 .group         0x0000000000000000        0xc main.o
 .group         0x0000000000000000        0x8 main.o
 .group         0x0000000000000000        0xc main.o
 .group         0x0000000000000000        0xc main.o
 .group         0x0000000000000000        0x8 main.o
 .group         0x0000000000000000        0xc main.o
 .group         0x0000000000000000        0x8 main.o
 .group         0x0000000000000000        0xc main.o
 .group         0x0000000000000000        0xc main.o
 .group         0x0000000000000000        0xc main.o
 .group         0x0000000000000000        0x8 main.o
 .group         0x0000000000000000        0xc main.o
 .group         0x0000000000000000        0x8 main.o
 .group         0x0000000000000000        0x8 main.o
 .group         0x0000000000000000        0xc main.o
 .group         0x0000000000000000        0x8 main.o
 .group         0x0000000000000000        0xc main.o
 .group         0x0000000000000000        0xc main.o
 .group         0x0000000000000000        0x8 main.o
 .note.GNU-stack
                0x0000000000000000        0x0 main.o
 .note.gnu.property
                0x0000000000000000       0x30 main.o
 .note.GNU-stack
                0x0000000000000000        0x0 /usr/lib64/gcc/x86_64-suse-linux/13/crtend.o
 .note.gnu.property
                0x0000000000000000       0x50 /usr/lib64/gcc/x86_64-suse-linux/13/crtend.o
 .note.gnu.property
                0x0000000000000000       0x50 /usr/lib64/gcc/x86_64-suse-linux/13/../../../../lib64/crtn.o
 .note.GNU-stack
                0x0000000000000000        0x0 /usr/lib64/gcc/x86_64-suse-linux/13/../../../../lib64/crtn.o

Memory Configuration

Name             Origin             Length             Attributes
*default*        0x0000000000000000 0xffffffffffffffff

Linker script and memory map

LOAD /usr/lib64/gcc/x86_64-suse-linux/13/../../../../lib64/crt1.o
LOAD /usr/lib64/gcc/x86_64-suse-linux/13/../../../../lib64/crti.o
LOAD /usr/lib64/gcc/x86_64-suse-linux/13/crtbegin.o
LOAD main.o
LOAD /usr/lib64/gcc/x86_64-suse-linux/13/libstdc++.so
LOAD /usr/lib64/gcc/x86_64-suse-linux/13/../../../../lib64/libm.so
START GROUP
LOAD /lib64/libm.so.6
LOAD /lib64/libmvec.so.1
END GROUP
LOAD /usr/lib64/gcc/x86_64-suse-linux/13/libgcc_s.so
START GROUP
LOAD /usr/lib64/gcc/x86_64-suse-linux/13/../../../../lib64/libgcc_s.so.1
LOAD /usr/lib64/gcc/x86_64-suse-linux/13/libgcc.a
END GROUP
LOAD /usr/lib64/gcc/x86_64-suse-linux/13/libgcc.a
LOAD /usr/lib64/gcc/x86_64-suse-linux/13/../../../../lib64/libc.so
START GROUP
LOAD /lib64/libc.so.6
LOAD /usr/lib64/libc_nonshared.a
LOAD /lib64/ld-linux-x86-64.so.2
END GROUP
LOAD /usr/lib64/gcc/x86_64-suse-linux/13/libgcc_s.so
START GROUP
LOAD /usr/lib64/gcc/x86_64-suse-linux/13/../../../../lib64/libgcc_s.so.1
LOAD /usr/lib64/gcc/x86_64-suse-linux/13/libgcc.a
END GROUP
LOAD /usr/lib64/gcc/x86_64-suse-linux/13/libgcc.a
LOAD /usr/lib64/gcc/x86_64-suse-linux/13/crtend.o
LOAD /usr/lib64/gcc/x86_64-suse-linux/13/../../../../lib64/crtn.o
                [!provide]                        PROVIDE (__executable_start = SEGMENT_START ("text-segment", 0x400000))
                0x0000000000400318                . = (SEGMENT_START ("text-segment", 0x400000) + SIZEOF_HEADERS)

.interp         0x0000000000400318       0x1c
 *(.interp)
 .interp        0x0000000000400318       0x1c /usr/lib64/gcc/x86_64-suse-linux/13/../../../../lib64/crt1.o

.note.gnu.property
                0x0000000000400338       0x40
 .note.gnu.property
                0x0000000000400338       0x40 /usr/lib64/gcc/x86_64-suse-linux/13/../../../../lib64/crt1.o

.note.gnu.build-id
                0x0000000000400378       0x24
 *(.note.gnu.build-id)
 .note.gnu.build-id
                0x0000000000400378       0x24 /usr/lib64/gcc/x86_64-suse-linux/13/../../../../lib64/crt1.o

.note.ABI-tag   0x000000000040039c       0x20
 .note.ABI-tag  0x000000000040039c       0x20 /usr/lib64/gcc/x86_64-suse-linux/13/../../../../lib64/crt1.o

.hash           0x00000000004003c0       0x94
 *(.hash)
 .hash          0x00000000004003c0       0x94 /usr/lib64/gcc/x86_64-suse-linux/13/../../../../lib64/crt1.o

.gnu.hash       0x0000000000400458       0x30
 *(.gnu.hash)
 .gnu.hash      0x0000000000400458       0x30 /usr/lib64/gcc/x86_64-suse-linux/13/../../../../lib64/crt1.o

.dynsym         0x0000000000400488      0x1b0
 *(.dynsym)
 .dynsym        0x0000000000400488      0x1b0 /usr/lib64/gcc/x86_64-suse-linux/13/../../../../lib64/crt1.o

.dynstr         0x0000000000400638      0x1fc
 *(.dynstr)
 .dynstr        0x0000000000400638      0x1fc /usr/lib64/gcc/x86_64-suse-linux/13/../../../../lib64/crt1.o

.gnu.version    0x0000000000400834       0x24
 *(.gnu.version)
 .gnu.version   0x0000000000400834       0x24 /usr/lib64/gcc/x86_64-suse-linux/13/../../../../lib64/crt1.o

.gnu.version_d  0x0000000000400858        0x0
 *(.gnu.version_d)
 .gnu.version_d
                0x0000000000400858        0x0 /usr/lib64/gcc/x86_64-suse-linux/13/../../../../lib64/crt1.o

.gnu.version_r  0x0000000000400858       0xb0
 *(.gnu.version_r)
 .gnu.version_r
                0x0000000000400858       0xb0 /usr/lib64/gcc/x86_64-suse-linux/13/../../../../lib64/crt1.o

.rela.dyn       0x0000000000400908       0x78
 *(.rela.init)
 *(.rela.text .rela.text.* .rela.gnu.linkonce.t.*)
 .rela.text     0x0000000000400908        0x0 /usr/lib64/gcc/x86_64-suse-linux/13/../../../../lib64/crt1.o
 *(.rela.fini)
 *(.rela.rodata .rela.rodata.* .rela.gnu.linkonce.r.*)
 *(.rela.data .rela.data.* .rela.gnu.linkonce.d.*)
 .rela.data.rel.ro
                0x0000000000400908        0x0 /usr/lib64/gcc/x86_64-suse-linux/13/../../../../lib64/crt1.o
 *(.rela.tdata .rela.tdata.* .rela.gnu.linkonce.td.*)
 *(.rela.tbss .rela.tbss.* .rela.gnu.linkonce.tb.*)
 *(.rela.ctors)
 *(.rela.dtors)
 *(.rela.got)
 .rela.got      0x0000000000400908       0x60 /usr/lib64/gcc/x86_64-suse-linux/13/../../../../lib64/crt1.o
 *(.rela.bss .rela.bss.* .rela.gnu.linkonce.b.*)
 .rela.bss      0x0000000000400968       0x18 /usr/lib64/gcc/x86_64-suse-linux/13/../../../../lib64/crt1.o
 *(.rela.ldata .rela.ldata.* .rela.gnu.linkonce.l.*)
 *(.rela.lbss .rela.lbss.* .rela.gnu.linkonce.lb.*)
 *(.rela.lrodata .rela.lrodata.* .rela.gnu.linkonce.lr.*)
 *(.rela.ifunc)
 .rela.eh_frame
                0x0000000000400980        0x0 /usr/lib64/gcc/x86_64-suse-linux/13/../../../../lib64/crt1.o

.rela.plt       0x0000000000400980      0x108
 *(.rela.plt)
 .rela.plt      0x0000000000400980      0x108 /usr/lib64/gcc/x86_64-suse-linux/13/../../../../lib64/crt1.o
                [!provide]                        PROVIDE (__rela_iplt_start = .)
 *(.rela.iplt)
 .rela.iplt     0x0000000000400a88        0x0 /usr/lib64/gcc/x86_64-suse-linux/13/../../../../lib64/crt1.o
                [!provide]                        PROVIDE (__rela_iplt_end = .)

.relr.dyn
 *(.relr.dyn)
                0x0000000000401000                . = ALIGN (CONSTANT (MAXPAGESIZE))

.init           0x0000000000401000       0x1b
 *(SORT_NONE(.init))
 .init          0x0000000000401000       0x16 /usr/lib64/gcc/x86_64-suse-linux/13/../../../../lib64/crti.o
                0x0000000000401000                _init
 .init          0x0000000000401016        0x5 /usr/lib64/gcc/x86_64-suse-linux/13/../../../../lib64/crtn.o

.plt            0x0000000000401020       0xc0
 *(.plt)
 .plt           0x0000000000401020       0xc0 /usr/lib64/gcc/x86_64-suse-linux/13/../../../../lib64/crt1.o
                0x0000000000401030                std::__throw_bad_alloc()@@GLIBCXX_3.4
                0x0000000000401040                std::basic_ostream<char, std::char_traits<char> >& std::endl<char, std::char_traits<char> >(std::basic_ostream<char, std::char_traits<char> >&)@@GLIBCXX_3.4
                0x0000000000401050                std::__throw_length_error(char const*)@@GLIBCXX_3.4
                0x0000000000401060                std::__throw_bad_array_new_length()@@GLIBCXX_3.4.29
                0x0000000000401070                operator new(unsigned long)@@GLIBCXX_3.4
                0x0000000000401080                operator delete(void*, unsigned long)@@CXXABI_1.3.9
                0x0000000000401090                std::ostream::operator<<(std::ostream& (*)(std::ostream&))@@GLIBCXX_3.4
                0x00000000004010a0                memmove@@GLIBC_2.2.5
                0x00000000004010b0                __gxx_personality_v0@@CXXABI_1.3
                0x00000000004010c0                std::ostream::operator<<(int)@@GLIBCXX_3.4
                0x00000000004010d0                _Unwind_Resume@@GCC_3.0
 *(.iplt)
 .iplt          0x00000000004010e0        0x0 /usr/lib64/gcc/x86_64-suse-linux/13/../../../../lib64/crt1.o

.plt.got        0x00000000004010e0        0x0
 *(.plt.got)
 .plt.got       0x00000000004010e0        0x0 /usr/lib64/gcc/x86_64-suse-linux/13/../../../../lib64/crt1.o

.plt.sec
 *(.plt.sec)

.text           0x00000000004010e0      0xbc2
 *(.text.unlikely .text.*_unlikely .text.unlikely.*)
 *(.text.exit .text.exit.*)
 *(.text.startup .text.startup.*)
 *(.text.hot .text.hot.*)
 *(SORT_BY_NAME(.text.sorted.*))
 *(.text .stub .text.* .gnu.linkonce.t.*)
 .text          0x00000000004010e0       0x55 /usr/lib64/gcc/x86_64-suse-linux/13/../../../../lib64/crt1.o
                0x00000000004010ee                _start
                0x000000000040112e                _dl_relocate_static_pie
 .text          0x0000000000401135        0x0 /usr/lib64/gcc/x86_64-suse-linux/13/../../../../lib64/crti.o
 *fill*         0x0000000000401135        0xb 
 .text          0x0000000000401140       0xa6 /usr/lib64/gcc/x86_64-suse-linux/13/crtbegin.o
 .text          0x00000000004011e6      0x177 main.o
                0x00000000004011e6                array_challenge(std::vector<int, std::allocator<int> >&)
                0x000000000040128b                main
 *fill*         0x000000000040135d        0x1 
 .text._ZNSt6vectorIiSaIiEE5beginEv
                0x000000000040135e       0x25 main.o
                0x000000000040135e                std::vector<int, std::allocator<int> >::begin()
 *fill*         0x0000000000401383        0x1 
 .text._ZNSt6vectorIiSaIiEE3endEv
                0x0000000000401384       0x29 main.o
                0x0000000000401384                std::vector<int, std::allocator<int> >::end()
 .text._ZSt10accumulateIN9__gnu_cxx17__normal_iteratorIPiSt6vectorIiSaIiEEEEiET0_T_S8_S7_
                0x00000000004013ad       0x4e main.o
                0x00000000004013ad                int std::accumulate<__gnu_cxx::__normal_iterator<int*, std::vector<int, std::allocator<int> > >, int>(__gnu_cxx::__normal_iterator<int*, std::vector<int, std::allocator<int> > >, __gnu_cxx::__normal_iterator<int*, std::vector<int, std::allocator<int> > >, int)
 *fill*         0x00000000004013fb        0x1 
 .text._ZNSt6vectorIiSaIiEEixEm
                0x00000000004013fc       0x20 main.o
                0x00000000004013fc                std::vector<int, std::allocator<int> >::operator[](unsigned long)
 .text._ZNSt6vectorIiSaIiEEC2ESt16initializer_listIiERKS0_
                0x000000000040141c       0x87 main.o
                0x000000000040141c                std::vector<int, std::allocator<int> >::vector(std::initializer_list<int>, std::allocator<int> const&)
                0x000000000040141c                std::vector<int, std::allocator<int> >::vector(std::initializer_list<int>, std::allocator<int> const&)
 *fill*         0x00000000004014a3        0x1 
 .text._ZNSt6vectorIiSaIiEED2Ev
                0x00000000004014a4       0x56 main.o
                0x00000000004014a4                std::vector<int, std::allocator<int> >::~vector()
                0x00000000004014a4                std::vector<int, std::allocator<int> >::~vector()
 .text._ZN9__gnu_cxx17__normal_iteratorIPiSt6vectorIiSaIiEEEC2ERKS1_
                0x00000000004014fa       0x1d main.o
                0x00000000004014fa                __gnu_cxx::__normal_iterator<int*, std::vector<int, std::allocator<int> > >::__normal_iterator(int* const&)
                0x00000000004014fa                __gnu_cxx::__normal_iterator<int*, std::vector<int, std::allocator<int> > >::__normal_iterator(int* const&)
 .text._ZN9__gnu_cxxneIPiSt6vectorIiSaIiEEEEbRKNS_17__normal_iteratorIT_T0_EESA_
                0x0000000000401517       0x3b main.o
                0x0000000000401517                bool __gnu_cxx::operator!=<int*, std::vector<int, std::allocator<int> > >(__gnu_cxx::__normal_iterator<int*, std::vector<int, std::allocator<int> > > const&, __gnu_cxx::__normal_iterator<int*, std::vector<int, std::allocator<int> > > const&)
 .text._ZN9__gnu_cxx17__normal_iteratorIPiSt6vectorIiSaIiEEEppEv
                0x0000000000401552       0x20 main.o
                0x0000000000401552                __gnu_cxx::__normal_iterator<int*, std::vector<int, std::allocator<int> > >::operator++()
 .text._ZNK9__gnu_cxx17__normal_iteratorIPiSt6vectorIiSaIiEEEdeEv
                0x0000000000401572       0x11 main.o
                0x0000000000401572                __gnu_cxx::__normal_iterator<int*, std::vector<int, std::allocator<int> > >::operator*() const
 *fill*         0x0000000000401583        0x1 
 .text._ZNSt15__new_allocatorIiED2Ev
                0x0000000000401584        0xb main.o
                0x0000000000401584                std::__new_allocator<int>::~__new_allocator()
                0x0000000000401584                std::__new_allocator<int>::~__new_allocator()
 *fill*         0x000000000040158f        0x1 
 .text._ZNSt12_Vector_baseIiSaIiEE12_Vector_implD2Ev
                0x0000000000401590       0x24 main.o
                0x0000000000401590                std::_Vector_base<int, std::allocator<int> >::_Vector_impl::~_Vector_impl()
                0x0000000000401590                std::_Vector_base<int, std::allocator<int> >::_Vector_impl::~_Vector_impl()
 .text._ZNSt12_Vector_baseIiSaIiEEC2ERKS0_
                0x00000000004015b4       0x26 main.o
                0x00000000004015b4                std::_Vector_base<int, std::allocator<int> >::_Vector_base(std::allocator<int> const&)
                0x00000000004015b4                std::_Vector_base<int, std::allocator<int> >::_Vector_base(std::allocator<int> const&)
 .text._ZNSt12_Vector_baseIiSaIiEED2Ev
                0x00000000004015da       0x4d main.o
                0x00000000004015da                std::_Vector_base<int, std::allocator<int> >::~_Vector_base()
                0x00000000004015da                std::_Vector_base<int, std::allocator<int> >::~_Vector_base()
 *fill*         0x0000000000401627        0x1 
 .text._ZNKSt16initializer_listIiE5beginEv
                0x0000000000401628       0x11 main.o
                0x0000000000401628                std::initializer_list<int>::begin() const
 *fill*         0x0000000000401639        0x1 
 .text._ZNKSt16initializer_listIiE3endEv
                0x000000000040163a       0x35 main.o
                0x000000000040163a                std::initializer_list<int>::end() const
 *fill*         0x000000000040166f        0x1 
 .text._ZNSt6vectorIiSaIiEE19_M_range_initializeIPKiEEvT_S5_St20forward_iterator_tag
                0x0000000000401670       0xca main.o
                0x0000000000401670                void std::vector<int, std::allocator<int> >::_M_range_initialize<int const*>(int const*, int const*, std::forward_iterator_tag)
 .text._ZNSt12_Vector_baseIiSaIiEE19_M_get_Tp_allocatorEv
                0x000000000040173a        0xe main.o
                0x000000000040173a                std::_Vector_base<int, std::allocator<int> >::_M_get_Tp_allocator()
 .text._ZNK9__gnu_cxx17__normal_iteratorIPiSt6vectorIiSaIiEEE4baseEv
                0x0000000000401748        0xe main.o
                0x0000000000401748                __gnu_cxx::__normal_iterator<int*, std::vector<int, std::allocator<int> > >::base() const
 .text._ZNSt12_Vector_baseIiSaIiEE12_Vector_implC2ERKS0_
                0x0000000000401756       0x41 main.o
                0x0000000000401756                std::_Vector_base<int, std::allocator<int> >::_Vector_impl::_Vector_impl(std::allocator<int> const&)
                0x0000000000401756                std::_Vector_base<int, std::allocator<int> >::_Vector_impl::_Vector_impl(std::allocator<int> const&)
 *fill*         0x0000000000401797        0x1 
 .text._ZNSt12_Vector_baseIiSaIiEE13_M_deallocateEPim
                0x0000000000401798       0x4e main.o
                0x0000000000401798                std::_Vector_base<int, std::allocator<int> >::_M_deallocate(int*, unsigned long)
 .text._ZNKSt16initializer_listIiE4sizeEv
                0x00000000004017e6       0x12 main.o
                0x00000000004017e6                std::initializer_list<int>::size() const
 .text._ZNSt6vectorIiSaIiEE17_S_check_init_lenEmRKS0_
                0x00000000004017f8       0x63 main.o
                0x00000000004017f8                std::vector<int, std::allocator<int> >::_S_check_init_len(unsigned long, std::allocator<int> const&)
 *fill*         0x000000000040185b        0x1 
 .text._ZNSt12_Vector_baseIiSaIiEE11_M_allocateEm
                0x000000000040185c       0x49 main.o
                0x000000000040185c                std::_Vector_base<int, std::allocator<int> >::_M_allocate(unsigned long)
 .text._ZSt22__uninitialized_copy_aIPKiPiiET0_T_S4_S3_RSaIT1_E
                0x00000000004018a5       0x31 main.o
                0x00000000004018a5                int* std::__uninitialized_copy_a<int const*, int*, int>(int const*, int const*, int*, std::allocator<int>&)
 .text._ZSt8_DestroyIPiEvT_S1_
                0x00000000004018d6       0x26 main.o
                0x00000000004018d6                void std::_Destroy<int*>(int*, int*)
 .text._ZNSt12_Vector_baseIiSaIiEE17_Vector_impl_dataC2Ev
                0x00000000004018fc       0x2e main.o
                0x00000000004018fc                std::_Vector_base<int, std::allocator<int> >::_Vector_impl_data::_Vector_impl_data()
                0x00000000004018fc                std::_Vector_base<int, std::allocator<int> >::_Vector_impl_data::_Vector_impl_data()
 .text._ZNSt6vectorIiSaIiEE11_S_max_sizeERKS0_
                0x000000000040192a       0x5a main.o
                0x000000000040192a                std::vector<int, std::allocator<int> >::_S_max_size(std::allocator<int> const&)
 .text._ZSt18uninitialized_copyIPKiPiET0_T_S4_S3_
                0x0000000000401984       0x35 main.o
                0x0000000000401984                int* std::uninitialized_copy<int const*, int*>(int const*, int const*, int*)
 .text._ZNSt12_Destroy_auxILb1EE9__destroyIPiEEvT_S3_
                0x00000000004019b9        0xf main.o
                0x00000000004019b9                void std::_Destroy_aux<true>::__destroy<int*>(int*, int*)
 .text._ZNSt15__new_allocatorIiE10deallocateEPim
                0x00000000004019c8       0x31 main.o
                0x00000000004019c8                std::__new_allocator<int>::deallocate(int*, unsigned long)
 .text._ZSt3minImERKT_S2_S2_
                0x00000000004019f9       0x2b main.o
                0x00000000004019f9                unsigned long const& std::min<unsigned long>(unsigned long const&, unsigned long const&)
 .text._ZNSt15__new_allocatorIiE8allocateEmPKv
                0x0000000000401a24       0x67 main.o
                0x0000000000401a24                std::__new_allocator<int>::allocate(unsigned long, void const*)
 .text._ZNSt20__uninitialized_copyILb1EE13__uninit_copyIPKiPiEET0_T_S6_S5_
                0x0000000000401a8b       0x2d main.o
                0x0000000000401a8b                int* std::__uninitialized_copy<true>::__uninit_copy<int const*, int*>(int const*, int const*, int*)
 .text._ZSt4copyIPKiPiET0_T_S4_S3_
                0x0000000000401ab8       0x4b main.o
                0x0000000000401ab8                int* std::copy<int const*, int*>(int const*, int const*, int*)
 .text._ZSt12__miter_baseIPKiET_S2_
                0x0000000000401b03        0xe main.o
                0x0000000000401b03                int const* std::__miter_base<int const*>(int const*)
 .text._ZSt13__copy_move_aILb0EPKiPiET1_T0_S4_S3_
                0x0000000000401b11       0x6a main.o
                0x0000000000401b11                int* std::__copy_move_a<false, int const*, int*>(int const*, int const*, int*)
 .text._ZSt12__niter_baseIPKiET_S2_
                0x0000000000401b7b        0xe main.o
                0x0000000000401b7b                int const* std::__niter_base<int const*>(int const*)
 .text._ZSt12__niter_baseIPiET_S1_
                0x0000000000401b89        0xe main.o
                0x0000000000401b89                int* std::__niter_base<int*>(int*)
 .text._ZSt14__copy_move_a1ILb0EPKiPiET1_T0_S4_S3_
                0x0000000000401b97       0x2d main.o
                0x0000000000401b97                int* std::__copy_move_a1<false, int const*, int*>(int const*, int const*, int*)
 .text._ZSt12__niter_wrapIPiET_RKS1_S1_
                0x0000000000401bc4       0x12 main.o
                0x0000000000401bc4                int* std::__niter_wrap<int*>(int* const&, int*)
 .text._ZSt14__copy_move_a2ILb0EPKiPiET1_T0_S4_S3_
                0x0000000000401bd6       0x2d main.o
                0x0000000000401bd6                int* std::__copy_move_a2<false, int const*, int*>(int const*, int const*, int*)
 .text._ZNSt11__copy_moveILb0ELb1ESt26random_access_iterator_tagE8__copy_mIKiiEEPT0_PT_S7_S5_
                0x0000000000401c03       0x84 main.o
                0x0000000000401c03                int* std::__copy_move<false, true, std::random_access_iterator_tag>::__copy_m<int const, int>(int const*, int const*, int*)
 .text._ZNSt11__copy_moveILb0ELb0ESt26random_access_iterator_tagE12__assign_oneIiKiEEvPT_PT0_
                0x0000000000401c87       0x1b main.o
                0x0000000000401c87                void std::__copy_move<false, false, std::random_access_iterator_tag>::__assign_one<int, int const>(int*, int const*)
 .text          0x0000000000401ca2        0x0 /usr/lib64/gcc/x86_64-suse-linux/13/crtend.o
 .text          0x0000000000401ca2        0x0 /usr/lib64/gcc/x86_64-suse-linux/13/../../../../lib64/crtn.o
 *(.gnu.warning)

.fini           0x0000000000401ca4        0xd
 *(SORT_NONE(.fini))
 .fini          0x0000000000401ca4        0x8 /usr/lib64/gcc/x86_64-suse-linux/13/../../../../lib64/crti.o
                0x0000000000401ca4                _fini
 .fini          0x0000000000401cac        0x5 /usr/lib64/gcc/x86_64-suse-linux/13/../../../../lib64/crtn.o
                [!provide]                        PROVIDE (__etext = .)
                [!provide]                        PROVIDE (_etext = .)
                [!provide]                        PROVIDE (etext = .)
                0x0000000000402000                . = ALIGN (CONSTANT (MAXPAGESIZE))
                0x0000000000402000                . = SEGMENT_START ("rodata-segment", (ALIGN (CONSTANT (MAXPAGESIZE)) + (. & (CONSTANT (MAXPAGESIZE) - 0x1))))

.rodata         0x0000000000402000       0x3c
 *(.rodata .rodata.* .gnu.linkonce.r.*)
 .rodata.cst4   0x0000000000402000        0x4 /usr/lib64/gcc/x86_64-suse-linux/13/../../../../lib64/crt1.o
                0x0000000000402000                _IO_stdin_used
 *fill*         0x0000000000402004        0x4 
 .rodata        0x0000000000402008       0x34 main.o

.rodata1
 *(.rodata1)

.eh_frame_hdr   0x000000000040203c      0x194
 *(.eh_frame_hdr)
 .eh_frame_hdr  0x000000000040203c      0x194 /usr/lib64/gcc/x86_64-suse-linux/13/../../../../lib64/crt1.o
                0x000000000040203c                __GNU_EH_FRAME_HDR
 *(.eh_frame_entry .eh_frame_entry.*)

.eh_frame       0x00000000004021d0      0x678
 *(.eh_frame)
 .eh_frame      0x00000000004021d0       0x40 /usr/lib64/gcc/x86_64-suse-linux/13/../../../../lib64/crt1.o
                                         0x5c (size before relaxing)
 *fill*         0x0000000000402210        0x0 
 .eh_frame      0x0000000000402210       0x28 /usr/lib64/gcc/x86_64-suse-linux/13/../../../../lib64/crt1.o
                                         0x40 (size before relaxing)
 .eh_frame      0x0000000000402238        0x0 /usr/lib64/gcc/x86_64-suse-linux/13/../../../../lib64/crt1.o
 .eh_frame      0x0000000000402238      0x60c main.o
                                        0x628 (size before relaxing)
 .eh_frame      0x0000000000402844        0x4 /usr/lib64/gcc/x86_64-suse-linux/13/crtend.o
 *(.eh_frame.*)

.sframe         0x0000000000402848        0x0
 *(.sframe)
 .sframe        0x0000000000402848        0x0 /usr/lib64/gcc/x86_64-suse-linux/13/../../../../lib64/crt1.o
 *(.sframe.*)

.gcc_except_table
                0x0000000000402848       0x27
 *(.gcc_except_table .gcc_except_table.*)
 .gcc_except_table
                0x0000000000402848       0x27 main.o

.gnu_extab
 *(.gnu_extab*)

.exception_ranges
 *(.exception_ranges*)
                0x0000000000403da8                . = DATA_SEGMENT_ALIGN (CONSTANT (MAXPAGESIZE), CONSTANT (COMMONPAGESIZE))

.eh_frame
 *(.eh_frame)
 *(.eh_frame.*)

.sframe
 *(.sframe)
 *(.sframe.*)

.gnu_extab
 *(.gnu_extab)

.gcc_except_table
 *(.gcc_except_table .gcc_except_table.*)

.exception_ranges
 *(.exception_ranges*)

.tdata          0x0000000000403da8        0x0
                [!provide]                        PROVIDE (__tdata_start = .)
 *(.tdata .tdata.* .gnu.linkonce.td.*)

.tbss
 *(.tbss .tbss.* .gnu.linkonce.tb.*)
 *(.tcommon)

.preinit_array  0x0000000000403da8        0x0
                [!provide]                        PROVIDE (__preinit_array_start = .)
 *(.preinit_array)
                [!provide]                        PROVIDE (__preinit_array_end = .)

.init_array     0x0000000000403da8        0x8
                [!provide]                        PROVIDE (__init_array_start = .)
 *(SORT_BY_INIT_PRIORITY(.init_array.*) SORT_BY_INIT_PRIORITY(.ctors.*))
 *(.init_array EXCLUDE_FILE(*crtend?.o *crtend.o *crtbegin?.o *crtbegin.o) .ctors)
 .init_array    0x0000000000403da8        0x8 /usr/lib64/gcc/x86_64-suse-linux/13/crtbegin.o
                [!provide]                        PROVIDE (__init_array_end = .)

.fini_array     0x0000000000403db0        0x8
                [!provide]                        PROVIDE (__fini_array_start = .)
 *(SORT_BY_INIT_PRIORITY(.fini_array.*) SORT_BY_INIT_PRIORITY(.dtors.*))
 *(.fini_array EXCLUDE_FILE(*crtend?.o *crtend.o *crtbegin?.o *crtbegin.o) .dtors)
 .fini_array    0x0000000000403db0        0x8 /usr/lib64/gcc/x86_64-suse-linux/13/crtbegin.o
                [!provide]                        PROVIDE (__fini_array_end = .)

.ctors
 *crtbegin.o(.ctors)
 *crtbegin?.o(.ctors)
 *(EXCLUDE_FILE(*crtend?.o *crtend.o) .ctors)
 *(SORT_BY_NAME(.ctors.*))
 *(.ctors)

.dtors
 *crtbegin.o(.dtors)
 *crtbegin?.o(.dtors)
 *(EXCLUDE_FILE(*crtend?.o *crtend.o) .dtors)
 *(SORT_BY_NAME(.dtors.*))
 *(.dtors)

.jcr
 *(.jcr)

.data.rel.ro    0x0000000000403db8        0x0
 *(.data.rel.ro.local* .gnu.linkonce.d.rel.ro.local.*)
 *(.data.rel.ro .data.rel.ro.* .gnu.linkonce.d.rel.ro.*)
 .data.rel.ro   0x0000000000403db8        0x0 /usr/lib64/gcc/x86_64-suse-linux/13/../../../../lib64/crt1.o

.dynamic        0x0000000000403db8      0x210
 *(.dynamic)
 .dynamic       0x0000000000403db8      0x210 /usr/lib64/gcc/x86_64-suse-linux/13/../../../../lib64/crt1.o
                0x0000000000403db8                _DYNAMIC

.got            0x0000000000403fc8       0x20
 *(.got)
 .got           0x0000000000403fc8       0x20 /usr/lib64/gcc/x86_64-suse-linux/13/../../../../lib64/crt1.o
 *(.igot)
                0x0000000000403fe8                . = DATA_SEGMENT_RELRO_END (., (SIZEOF (.got.plt) >= 0x18)?0x18:0x0)

.got.plt        0x0000000000403fe8       0x70
 *(.got.plt)
 .got.plt       0x0000000000403fe8       0x70 /usr/lib64/gcc/x86_64-suse-linux/13/../../../../lib64/crt1.o
                0x0000000000403fe8                _GLOBAL_OFFSET_TABLE_
 *(.igot.plt)
 .igot.plt      0x0000000000404058        0x0 /usr/lib64/gcc/x86_64-suse-linux/13/../../../../lib64/crt1.o

.data           0x0000000000404058       0x10
 *(.data .data.* .gnu.linkonce.d.*)
 .data          0x0000000000404058        0x4 /usr/lib64/gcc/x86_64-suse-linux/13/../../../../lib64/crt1.o
                0x0000000000404058                data_start
                0x0000000000404058                __data_start
 .data          0x000000000040405c        0x0 /usr/lib64/gcc/x86_64-suse-linux/13/../../../../lib64/crti.o
 *fill*         0x000000000040405c        0x4 
 .data          0x0000000000404060        0x8 /usr/lib64/gcc/x86_64-suse-linux/13/crtbegin.o
                0x0000000000404060                __dso_handle
 .data          0x0000000000404068        0x0 main.o
 .data          0x0000000000404068        0x0 /usr/lib64/gcc/x86_64-suse-linux/13/crtend.o
 .data          0x0000000000404068        0x0 /usr/lib64/gcc/x86_64-suse-linux/13/../../../../lib64/crtn.o

.tm_clone_table
                0x0000000000404068        0x0
 .tm_clone_table
                0x0000000000404068        0x0 /usr/lib64/gcc/x86_64-suse-linux/13/crtbegin.o
 .tm_clone_table
                0x0000000000404068        0x0 /usr/lib64/gcc/x86_64-suse-linux/13/crtend.o

.data1
 *(.data1)
                0x0000000000404068                _edata = .
                [!provide]                        PROVIDE (edata = .)
                0x0000000000404068                . = .
                0x0000000000404068                __bss_start = .

.bss            0x0000000000404080      0x118
 *(.dynbss)
 *fill*         0x0000000000404080        0x0 
 .dynbss        0x0000000000404080      0x110 /usr/lib64/gcc/x86_64-suse-linux/13/../../../../lib64/crt1.o
                0x0000000000404080                std::cout@@GLIBCXX_3.4
 *(.bss .bss.* .gnu.linkonce.b.*)
 .bss           0x0000000000404190        0x0 /usr/lib64/gcc/x86_64-suse-linux/13/../../../../lib64/crt1.o
 .bss           0x0000000000404190        0x0 /usr/lib64/gcc/x86_64-suse-linux/13/../../../../lib64/crti.o
 .bss           0x0000000000404190        0x1 /usr/lib64/gcc/x86_64-suse-linux/13/crtbegin.o
 .bss           0x0000000000404191        0x0 main.o
 .bss           0x0000000000404191        0x0 /usr/lib64/gcc/x86_64-suse-linux/13/crtend.o
 .bss           0x0000000000404191        0x0 /usr/lib64/gcc/x86_64-suse-linux/13/../../../../lib64/crtn.o
 *(COMMON)
                0x0000000000404198                . = ALIGN ((. != 0x0)?0x8:0x1)
 *fill*         0x0000000000404191        0x7 

.lbss
 *(.dynlbss)
 *(.lbss .lbss.* .gnu.linkonce.lb.*)
 *(LARGE_COMMON)
                0x0000000000404198                . = ALIGN (0x8)
                0x0000000000404198                . = SEGMENT_START ("ldata-segment", .)

.lrodata
 *(.lrodata .lrodata.* .gnu.linkonce.lr.*)

.ldata          0x0000000000406198        0x0
 *(.ldata .ldata.* .gnu.linkonce.l.*)
                0x0000000000406198                . = ALIGN ((. != 0x0)?0x8:0x1)
                0x0000000000406198                . = ALIGN (0x8)
                0x0000000000404198                _end = .
                [!provide]                        PROVIDE (end = .)
                0x0000000000406198                . = DATA_SEGMENT_END (.)

.stab
 *(.stab)

.stabstr
 *(.stabstr)

.stab.excl
 *(.stab.excl)

.stab.exclstr
 *(.stab.exclstr)

.stab.index
 *(.stab.index)

.stab.indexstr
 *(.stab.indexstr)

.comment        0x0000000000000000       0x56
 *(.comment)
 .comment       0x0000000000000000       0x56 main.o
                                         0x57 (size before relaxing)

.gnu.build.attributes
 *(.gnu.build.attributes .gnu.build.attributes.*)

.debug
 *(.debug)

.line
 *(.line)

.debug_srcinfo
 *(.debug_srcinfo)

.debug_sfnames
 *(.debug_sfnames)

.debug_aranges  0x0000000000000000      0x120
 *(.debug_aranges)
 .debug_aranges
                0x0000000000000000       0xa0 /usr/lib64/gcc/x86_64-suse-linux/13/../../../../lib64/crt1.o
 .debug_aranges
                0x00000000000000a0       0x40 /usr/lib64/gcc/x86_64-suse-linux/13/../../../../lib64/crti.o
 .debug_aranges
                0x00000000000000e0       0x40 /usr/lib64/gcc/x86_64-suse-linux/13/../../../../lib64/crtn.o

.debug_pubnames
 *(.debug_pubnames)

.debug_info     0x0000000000000000      0x999
 *(.debug_info .gnu.linkonce.wi.*)
 .debug_info    0x0000000000000000      0x953 /usr/lib64/gcc/x86_64-suse-linux/13/../../../../lib64/crt1.o
 .debug_info    0x0000000000000953       0x23 /usr/lib64/gcc/x86_64-suse-linux/13/../../../../lib64/crti.o
 .debug_info    0x0000000000000976       0x23 /usr/lib64/gcc/x86_64-suse-linux/13/../../../../lib64/crtn.o

.debug_abbrev   0x0000000000000000      0x296
 *(.debug_abbrev)
 .debug_abbrev  0x0000000000000000      0x272 /usr/lib64/gcc/x86_64-suse-linux/13/../../../../lib64/crt1.o
 .debug_abbrev  0x0000000000000272       0x12 /usr/lib64/gcc/x86_64-suse-linux/13/../../../../lib64/crti.o
 .debug_abbrev  0x0000000000000284       0x12 /usr/lib64/gcc/x86_64-suse-linux/13/../../../../lib64/crtn.o

.debug_line     0x0000000000000000      0x250
 *(.debug_line .debug_line.* .debug_line_end)
 .debug_line    0x0000000000000000      0x187 /usr/lib64/gcc/x86_64-suse-linux/13/../../../../lib64/crt1.o
 .debug_line    0x0000000000000187       0x67 /usr/lib64/gcc/x86_64-suse-linux/13/../../../../lib64/crti.o
 .debug_line    0x00000000000001ee       0x62 /usr/lib64/gcc/x86_64-suse-linux/13/../../../../lib64/crtn.o

.debug_frame
 *(.debug_frame)

.debug_str      0x0000000000000000      0x694
 *(.debug_str)
 .debug_str     0x0000000000000000      0x662 /usr/lib64/gcc/x86_64-suse-linux/13/../../../../lib64/crt1.o
                                        0xab7 (size before relaxing)
 .debug_str     0x0000000000000662       0x19 /usr/lib64/gcc/x86_64-suse-linux/13/../../../../lib64/crti.o
                                         0x52 (size before relaxing)
 .debug_str     0x000000000000067b       0x19 /usr/lib64/gcc/x86_64-suse-linux/13/../../../../lib64/crtn.o
                                         0x52 (size before relaxing)

.debug_loc
 *(.debug_loc)

.debug_macinfo
 *(.debug_macinfo)

.debug_weaknames
 *(.debug_weaknames)

.debug_funcnames
 *(.debug_funcnames)

.debug_typenames
 *(.debug_typenames)

.debug_varnames
 *(.debug_varnames)

.debug_pubtypes
 *(.debug_pubtypes)

.debug_ranges
 *(.debug_ranges)

.debug_addr
 *(.debug_addr)

.debug_line_str
                0x0000000000000000      0x144
 *(.debug_line_str)
 .debug_line_str
                0x0000000000000000      0x136 /usr/lib64/gcc/x86_64-suse-linux/13/../../../../lib64/crt1.o
                                        0x2f0 (size before relaxing)
 .debug_line_str
                0x0000000000000136        0x7 /usr/lib64/gcc/x86_64-suse-linux/13/../../../../lib64/crti.o
                                         0x44 (size before relaxing)
 .debug_line_str
                0x000000000000013d        0x7 /usr/lib64/gcc/x86_64-suse-linux/13/../../../../lib64/crtn.o
                                         0x44 (size before relaxing)

.debug_loclists
 *(.debug_loclists)

.debug_macro
 *(.debug_macro)

.debug_names
 *(.debug_names)

.debug_rnglists
                0x0000000000000000       0x42
 *(.debug_rnglists)
 .debug_rnglists
                0x0000000000000000       0x21 /usr/lib64/gcc/x86_64-suse-linux/13/../../../../lib64/crti.o
 .debug_rnglists
                0x0000000000000021       0x21 /usr/lib64/gcc/x86_64-suse-linux/13/../../../../lib64/crtn.o

.debug_str_offsets
 *(.debug_str_offsets)

.debug_sup
 *(.debug_sup)

.gnu.attributes
 *(.gnu.attributes)

/DISCARD/
 *(.note.GNU-stack)
 *(.gnu_debuglink)
 *(.gnu.lto_*)
OUTPUT(array elf64-x86-64)
